{"level":30,"time":1777154787170,"pid":23216,"hostname":"DESKTOP-KPAMGTB","module":"order-monitor","msg":"monitor iniciat (paper + real)"}
{"level":30,"time":1777154787185,"pid":23216,"hostname":"DESKTOP-KPAMGTB","module":"telegram","nextHourIn":54,"nextDailyIn":444,"msg":"scheduler iniciat"}
{"level":30,"time":1777154787192,"pid":23216,"hostname":"DESKTOP-KPAMGTB","module":"orders","symbol":"BTCUSDC","thresholds":[{"windowMin":5,"pct":5},{"windowMin":15,"pct":8},{"windowMin":60,"pct":12}],"pollMs":60000,"msg":"Crash monitor iniciat"}
{"level":30,"time":1777154787197,"pid":23216,"hostname":"DESKTOP-KPAMGTB","module":"auto-trader","msg":"auto-trader multi-bot iniciat (poll 60s)"}
{"level":30,"time":1777154787724,"pid":23216,"hostname":"DESKTOP-KPAMGTB","module":"order-monitor","mode":"real","count":0,"msg":"inicialitzat"}
{"level":30,"time":1777154788782,"pid":23216,"hostname":"DESKTOP-KPAMGTB","module":"order-monitor","mode":"paper","count":7,"msg":"inicialitzat"}
{"level":30,"time":1777154789172,"pid":23216,"hostname":"DESKTOP-KPAMGTB","module":"binance","assets":23,"mode":"paper","msg":"balance"}
{"level":30,"time":1777154868935,"pid":23216,"hostname":"DESKTOP-KPAMGTB","module":"binance","assets":23,"mode":"paper","msg":"balance"}
{"level":30,"time":1777154880432,"pid":23216,"hostname":"DESKTOP-KPAMGTB","module":"trailing-engine","msg":"motor iniciat"}
{"level":30,"time":1777155686765,"pid":23216,"hostname":"DESKTOP-KPAMGTB","module":"binance","assets":23,"mode":"paper","msg":"balance"}
{"level":30,"time":1777156235163,"pid":23216,"hostname":"DESKTOP-KPAMGTB","module":"auto-trader","bot":"Només per testeig - Te perdues -Anàlisi cada 30 minuts","interval":"30m","checkInterval":"30m","msg":"globalPoll: candle tancada, llançant runBotScan"}
{"level":30,"time":1777156265127,"pid":23216,"hostname":"DESKTOP-KPAMGTB","module":"trailing-engine","symbol":"SOLUSDC","mode":"ATR","oldSl":85.68,"newSl":"85.71","peak":86.15,"msg":"SL pujat"}
{"level":30,"time":1777156323666,"pid":23216,"hostname":"DESKTOP-KPAMGTB","module":"trailing-engine","symbol":"SOLUSDC","mode":"ATR","oldSl":85.71,"newSl":"85.72","peak":86.16,"msg":"SL pujat"}
{"level":30,"time":1777156442830,"pid":23216,"hostname":"DESKTOP-KPAMGTB","module":"trailing-engine","symbol":"SOLUSDC","mode":"ATR","oldSl":85.72,"newSl":"85.75","peak":86.19,"msg":"SL pujat"}
{"level":30,"time":1777156473670,"pid":23216,"hostname":"DESKTOP-KPAMGTB","module":"trailing-engine","symbol":"SOLUSDC","mode":"ATR","oldSl":85.75,"newSl":"85.76","peak":86.2,"msg":"SL pujat"}
{"level":30,"time":1777156587535,"pid":23216,"hostname":"DESKTOP-KPAMGTB","module":"binance","assets":23,"mode":"paper","msg":"balance"}
{"level":30,"time":1777157486849,"pid":23216,"hostname":"DESKTOP-KPAMGTB","module":"binance","assets":23,"mode":"paper","msg":"balance"}
{"level":30,"time":1777158001673,"pid":23216,"hostname":"DESKTOP-KPAMGTB","module":"telegram","msg":"informe horari enviat"}
{"level":30,"time":1777158034489,"pid":23216,"hostname":"DESKTOP-KPAMGTB","module":"auto-trader","bot":"Solana i Bitcoin a 4 hores (454%)","interval":"4h","checkInterval":"1h","msg":"globalPoll: candle tancada, llançant runBotScan"}
{"level":30,"time":1777158034491,"pid":23216,"hostname":"DESKTOP-KPAMGTB","module":"auto-trader","bot":"Només per testeig - Te perdues -Anàlisi cada 30 minuts","interval":"30m","checkInterval":"30m","msg":"globalPoll: candle tancada, llançant runBotScan"}
{"level":30,"time":1777158387272,"pid":23216,"hostname":"DESKTOP-KPAMGTB","module":"binance","assets":23,"mode":"paper","msg":"balance"}
{"level":30,"time":1777159287589,"pid":23216,"hostname":"DESKTOP-KPAMGTB","module":"binance","assets":23,"mode":"paper","msg":"balance"}
{"level":30,"time":1777159834931,"pid":23216,"hostname":"DESKTOP-KPAMGTB","module":"auto-trader","bot":"Només per testeig - Te perdues -Anàlisi cada 30 minuts","interval":"30m","checkInterval":"30m","msg":"globalPoll: candle tancada, llançant runBotScan"}
{"level":30,"time":1777160188431,"pid":23216,"hostname":"DESKTOP-KPAMGTB","module":"binance","assets":23,"mode":"paper","msg":"balance"}
{"level":30,"time":1777160584339,"pid":23216,"hostname":"DESKTOP-KPAMGTB","module":"trailing-engine","symbol":"SOLUSDC","mode":"ATR","oldSl":85.76,"newSl":"85.78","peak":86.22,"msg":"SL pujat"}
{"level":30,"time":1777161088255,"pid":23216,"hostname":"DESKTOP-KPAMGTB","module":"binance","assets":23,"mode":"paper","msg":"balance"}
{"level":30,"time":1777161601887,"pid":23216,"hostname":"DESKTOP-KPAMGTB","module":"telegram","msg":"informe horari enviat"}
{"level":30,"time":1777161637876,"pid":23216,"hostname":"DESKTOP-KPAMGTB","module":"auto-trader","bot":"Solana i Bitcoin a 4 hores (454%)","interval":"4h","checkInterval":"1h","msg":"globalPoll: candle tancada, llançant runBotScan"}
{"level":30,"time":1777161637878,"pid":23216,"hostname":"DESKTOP-KPAMGTB","module":"auto-trader","bot":"Només per testeig - Te perdues -Anàlisi cada 30 minuts","interval":"30m","checkInterval":"30m","msg":"globalPoll: candle tancada, llançant runBotScan"}
{"level":30,"time":1777161813732,"pid":23216,"hostname":"DESKTOP-KPAMGTB","module":"trailing-engine","symbol":"SOLUSDC","mode":"ATR","oldSl":85.78,"newSl":"85.79","peak":86.23,"msg":"SL pujat"}
{"level":30,"time":1777161988295,"pid":23216,"hostname":"DESKTOP-KPAMGTB","module":"binance","assets":23,"mode":"paper","msg":"balance"}
{"level":30,"time":1777162889299,"pid":23216,"hostname":"DESKTOP-KPAMGTB","module":"binance","assets":23,"mode":"paper","msg":"balance"}
{"level":30,"time":1777163435287,"pid":23216,"hostname":"DESKTOP-KPAMGTB","module":"auto-trader","bot":"Només per testeig - Te perdues -Anàlisi cada 30 minuts","interval":"30m","checkInterval":"30m","msg":"globalPoll: candle tancada, llançant runBotScan"}
{"level":30,"time":1777163788988,"pid":23216,"hostname":"DESKTOP-KPAMGTB","module":"binance","assets":23,"mode":"paper","msg":"balance"}
{"level":30,"time":1777164689412,"pid":23216,"hostname":"DESKTOP-KPAMGTB","module":"binance","assets":23,"mode":"paper","msg":"balance"}
{"level":30,"time":1777165201592,"pid":23216,"hostname":"DESKTOP-KPAMGTB","module":"telegram","msg":"informe horari enviat"}
{"level":30,"time":1777165234722,"pid":23216,"hostname":"DESKTOP-KPAMGTB","module":"auto-trader","bot":"Solana i Bitcoin a 4 hores (454%)","interval":"4h","checkInterval":"1h","msg":"globalPoll: candle tancada, llançant runBotScan"}
{"level":30,"time":1777165234725,"pid":23216,"hostname":"DESKTOP-KPAMGTB","module":"auto-trader","bot":"Només per testeig - Te perdues -Anàlisi cada 30 minuts","interval":"30m","checkInterval":"30m","msg":"globalPoll: candle tancada, llançant runBotScan"}
{"level":30,"time":1777165589001,"pid":23216,"hostname":"DESKTOP-KPAMGTB","module":"binance","assets":23,"mode":"paper","msg":"balance"}
{"level":30,"time":1777166489008,"pid":23216,"hostname":"DESKTOP-KPAMGTB","module":"binance","assets":23,"mode":"paper","msg":"balance"}
{"level":30,"time":1777167035754,"pid":23216,"hostname":"DESKTOP-KPAMGTB","module":"auto-trader","bot":"Només per testeig - Te perdues -Anàlisi cada 30 minuts","interval":"30m","checkInterval":"30m","msg":"globalPoll: candle tancada, llançant runBotScan"}
{"level":30,"time":1777167389001,"pid":23216,"hostname":"DESKTOP-KPAMGTB","module":"binance","assets":23,"mode":"paper","msg":"balance"}
{"level":30,"time":1777168289506,"pid":23216,"hostname":"DESKTOP-KPAMGTB","module":"binance","assets":23,"mode":"paper","msg":"balance"}
{"level":30,"time":1777168801491,"pid":23216,"hostname":"DESKTOP-KPAMGTB","module":"telegram","msg":"informe horari enviat"}
{"level":30,"time":1777168835659,"pid":23216,"hostname":"DESKTOP-KPAMGTB","module":"auto-trader","bot":"Solana i Bitcoin a 4 hores (454%)","interval":"4h","checkInterval":"1h","msg":"globalPoll: candle tancada, llançant runBotScan"}
{"level":30,"time":1777168835663,"pid":23216,"hostname":"DESKTOP-KPAMGTB","module":"auto-trader","bot":"Només per testeig - Te perdues -Anàlisi cada 30 minuts","interval":"30m","checkInterval":"30m","msg":"globalPoll: candle tancada, llançant runBotScan"}
{"level":30,"time":1777169189466,"pid":23216,"hostname":"DESKTOP-KPAMGTB","module":"binance","assets":23,"mode":"paper","msg":"balance"}
{"level":30,"time":1777169705612,"pid":23216,"hostname":"DESKTOP-KPAMGTB","module":"trailing-engine","symbol":"SOLUSDC","mode":"ATR","oldSl":85.79,"newSl":"85.80","peak":86.24,"msg":"SL pujat"}
{"level":30,"time":1777169735956,"pid":23216,"hostname":"DESKTOP-KPAMGTB","module":"trailing-engine","symbol":"SOLUSDC","mode":"ATR","oldSl":85.8,"newSl":"85.81","peak":86.25,"msg":"SL pujat"}
{"level":30,"time":1777169766634,"pid":23216,"hostname":"DESKTOP-KPAMGTB","module":"trailing-engine","symbol":"SOLUSDC","mode":"ATR","oldSl":85.81,"newSl":"85.82","peak":86.26,"msg":"SL pujat"}
{"level":30,"time":1777169795775,"pid":23216,"hostname":"DESKTOP-KPAMGTB","module":"trailing-engine","symbol":"SOLUSDC","mode":"ATR","oldSl":85.82,"newSl":"85.83","peak":86.27,"msg":"SL pujat"}
{"level":30,"time":1777170089033,"pid":23216,"hostname":"DESKTOP-KPAMGTB","module":"binance","assets":23,"mode":"paper","msg":"balance"}
{"level":30,"time":1777170335792,"pid":23216,"hostname":"DESKTOP-KPAMGTB","module":"trailing-engine","symbol":"SOLUSDC","mode":"ATR","oldSl":85.83,"newSl":"85.86","peak":86.3,"msg":"SL pujat"}
{"level":30,"time":1777170487107,"pid":23216,"hostname":"DESKTOP-KPAMGTB","module":"trailing-engine","symbol":"SOLUSDC","mode":"ATR","oldSl":85.86,"newSl":"85.89","peak":86.33,"msg":"SL pujat"}
{"level":30,"time":1777170635936,"pid":23216,"hostname":"DESKTOP-KPAMGTB","module":"auto-trader","bot":"Només per testeig - Te perdues -Anàlisi cada 30 minuts","interval":"30m","checkInterval":"30m","msg":"globalPoll: candle tancada, llançant runBotScan"}
{"level":30,"time":1777170755768,"pid":23216,"hostname":"DESKTOP-KPAMGTB","module":"trailing-engine","symbol":"SOLUSDC","mode":"ATR","oldSl":85.89,"newSl":"85.90","peak":86.34,"msg":"SL pujat"}
{"level":30,"time":1777170989050,"pid":23216,"hostname":"DESKTOP-KPAMGTB","module":"binance","assets":23,"mode":"paper","msg":"balance"}
{"level":30,"time":1777171889114,"pid":23216,"hostname":"DESKTOP-KPAMGTB","module":"binance","assets":23,"mode":"paper","msg":"balance"}
{"level":30,"time":1777172046758,"pid":23216,"hostname":"DESKTOP-KPAMGTB","module":"trailing-engine","symbol":"SOLUSDC","mode":"ATR","oldSl":85.9,"newSl":"85.91","peak":86.35,"msg":"SL pujat"}
{"level":30,"time":1777172286949,"pid":23216,"hostname":"DESKTOP-KPAMGTB","module":"trailing-engine","symbol":"SOLUSDC","mode":"ATR","oldSl":85.91,"newSl":"85.93","peak":86.37,"msg":"SL pujat"}
{"level":30,"time":1777172348302,"pid":23216,"hostname":"DESKTOP-KPAMGTB","module":"trailing-engine","symbol":"SOLUSDC","mode":"ATR","oldSl":85.93,"newSl":"85.94","peak":86.38,"msg":"SL pujat"}
{"level":30,"time":1777172378190,"pid":23216,"hostname":"DESKTOP-KPAMGTB","module":"trailing-engine","symbol":"SOLUSDC","mode":"ATR","oldSl":85.94,"newSl":"85.95","peak":86.39,"msg":"SL pujat"}
{"level":30,"time":1777172402687,"pid":23216,"hostname":"DESKTOP-KPAMGTB","module":"telegram","msg":"informe horari enviat"}
{"level":30,"time":1777172436897,"pid":23216,"hostname":"DESKTOP-KPAMGTB","module":"auto-trader","bot":"Solana i Bitcoin a 4 hores (454%)","interval":"4h","checkInterval":"1h","msg":"globalPoll: candle tancada, llançant runBotScan"}
{"level":30,"time":1777172436900,"pid":23216,"hostname":"DESKTOP-KPAMGTB","module":"auto-trader","bot":"Només per testeig - Te perdues -Anàlisi cada 30 minuts","interval":"30m","checkInterval":"30m","msg":"globalPoll: candle tancada, llançant runBotScan"}
{"level":30,"time":1777172789975,"pid":23216,"hostname":"DESKTOP-KPAMGTB","module":"binance","assets":23,"mode":"paper","msg":"balance"}
{"level":30,"time":1777173689184,"pid":23216,"hostname":"DESKTOP-KPAMGTB","module":"binance","assets":23,"mode":"paper","msg":"balance"}
{"level":30,"time":1777174238688,"pid":23216,"hostname":"DESKTOP-KPAMGTB","module":"auto-trader","bot":"Només per testeig - Te perdues -Anàlisi cada 30 minuts","interval":"30m","checkInterval":"30m","msg":"globalPoll: candle tancada, llançant runBotScan"}
{"level":30,"time":1777174252990,"pid":23216,"hostname":"DESKTOP-KPAMGTB","module":"orders","mode":"paper","symbol":"SOLUSDC","side":"SELL","type":"STOP_LOSS_LIMIT","execPrice":85.87,"execValue":945.34,"orderId":334978688,"msg":"ordre executada (fill)"}
{"level":30,"time":1777174252996,"pid":23216,"hostname":"DESKTOP-KPAMGTB","module":"orders","orderId":334978688,"symbol":"SOLUSDC","msg":"fill SL trailing — journal delegat al trailing engine"}
{"level":30,"time":1777174267358,"pid":23216,"hostname":"DESKTOP-KPAMGTB","module":"trailing-engine","symbol":"SOLUSDC","stopPrice":85.95,"msg":"SL executat — tancat"}
{"level":40,"time":1777174293635,"pid":23216,"hostname":"DESKTOP-KPAMGTB","module":"auto-trader","mode":"paper","symbol":"SOLUSDC","uncoveredUsd":15.481767759999999,"uncovered":0.17985325,"msg":"posició parcialment sense SL — esperant 2 min per confirmar"}
{"level":40,"time":1777174473878,"pid":23216,"hostname":"DESKTOP-KPAMGTB","module":"auto-trader","mode":"paper","symbol":"SOLUSDC","uncoveredUsd":15.4691780325,"uncovered":0.17985325,"msg":"posició sense SL confirmada — notificant"}
{"level":30,"time":1777174589147,"pid":23216,"hostname":"DESKTOP-KPAMGTB","module":"binance","assets":23,"mode":"paper","msg":"balance"}
{"level":30,"time":1777174653618,"pid":23216,"hostname":"DESKTOP-KPAMGTB","module":"auto-trader","mode":"paper","symbol":"SOLUSDC","msg":"aplicant correcció OCO a posició òrfena…"}
{"level":40,"time":1777174653624,"pid":23216,"hostname":"DESKTOP-KPAMGTB","module":"auto-trader","mode":"paper","symbol":"SOLUSDC","uncoveredUsd":15.45299124,"msg":"no s'ha trobat cap bot actiu — venent posició òrfena a mercat"}
{"level":30,"time":1777174653858,"pid":23216,"hostname":"DESKTOP-KPAMGTB","module":"auto-trader","mode":"paper","symbol":"SOLUSDC","sellQty":"0.17900000","receivedUsd":15.37789,"fillPrice":85.91000000000001,"msg":"venda òrfena executada"}
{"level":30,"time":1777175489198,"pid":23216,"hostname":"DESKTOP-KPAMGTB","module":"binance","assets":23,"mode":"paper","msg":"balance"}
{"level":30,"time":1777176003310,"pid":23216,"hostname":"DESKTOP-KPAMGTB","module":"telegram","msg":"informe horari enviat"}
{"level":30,"time":1777176036060,"pid":23216,"hostname":"DESKTOP-KPAMGTB","module":"auto-trader","bot":"Solana i Bitcoin a 4 hores (454%)","interval":"4h","checkInterval":"1h","msg":"globalPoll: candle tancada, llançant runBotScan"}
{"level":30,"time":1777176036068,"pid":23216,"hostname":"DESKTOP-KPAMGTB","module":"auto-trader","bot":"Només per testeig - Te perdues -Anàlisi cada 30 minuts","interval":"30m","checkInterval":"30m","msg":"globalPoll: candle tancada, llançant runBotScan"}
{"level":30,"time":1777176390888,"pid":23216,"hostname":"DESKTOP-KPAMGTB","module":"binance","assets":23,"mode":"paper","msg":"balance"}
{"level":30,"time":1777177289400,"pid":23216,"hostname":"DESKTOP-KPAMGTB","module":"binance","assets":23,"mode":"paper","msg":"balance"}
{"level":30,"time":1777177837612,"pid":23216,"hostname":"DESKTOP-KPAMGTB","module":"auto-trader","bot":"Només per testeig - Te perdues -Anàlisi cada 30 minuts","interval":"30m","checkInterval":"30m","msg":"globalPoll: candle tancada, llançant runBotScan"}
{"level":30,"time":1777178189409,"pid":23216,"hostname":"DESKTOP-KPAMGTB","module":"binance","assets":23,"mode":"paper","msg":"balance"}
{"level":30,"time":1777179089396,"pid":23216,"hostname":"DESKTOP-KPAMGTB","module":"binance","assets":23,"mode":"paper","msg":"balance"}
{"level":30,"time":1777179602511,"pid":23216,"hostname":"DESKTOP-KPAMGTB","module":"telegram","msg":"informe horari enviat"}
{"level":30,"time":1777179637324,"pid":23216,"hostname":"DESKTOP-KPAMGTB","module":"auto-trader","bot":"Solana i Bitcoin a 4 hores (454%)","interval":"4h","checkInterval":"1h","msg":"globalPoll: candle tancada, llançant runBotScan"}
{"level":30,"time":1777179637328,"pid":23216,"hostname":"DESKTOP-KPAMGTB","module":"auto-trader","bot":"Només per testeig - Te perdues -Anàlisi cada 30 minuts","interval":"30m","checkInterval":"30m","msg":"globalPoll: candle tancada, llançant runBotScan"}
{"level":30,"time":1777179989465,"pid":23216,"hostname":"DESKTOP-KPAMGTB","module":"binance","assets":23,"mode":"paper","msg":"balance"}
{"level":30,"time":1777180889446,"pid":23216,"hostname":"DESKTOP-KPAMGTB","module":"binance","assets":23,"mode":"paper","msg":"balance"}
{"level":30,"time":1777181401472,"pid":23216,"hostname":"DESKTOP-KPAMGTB","module":"telegram","msg":"informe diari enviat"}
{"level":30,"time":1777181436149,"pid":23216,"hostname":"DESKTOP-KPAMGTB","module":"auto-trader","bot":"Només per testeig - Te perdues -Anàlisi cada 30 minuts","interval":"30m","checkInterval":"30m","msg":"globalPoll: candle tancada, llançant runBotScan"}
{"level":30,"time":1777181790113,"pid":23216,"hostname":"DESKTOP-KPAMGTB","module":"binance","assets":23,"mode":"paper","msg":"balance"}
{"level":30,"time":1777182690492,"pid":23216,"hostname":"DESKTOP-KPAMGTB","module":"binance","assets":23,"mode":"paper","msg":"balance"}
{"level":30,"time":1777183203445,"pid":23216,"hostname":"DESKTOP-KPAMGTB","module":"telegram","msg":"informe horari enviat"}
{"level":30,"time":1777183236322,"pid":23216,"hostname":"DESKTOP-KPAMGTB","module":"auto-trader","bot":"Solana i Bitcoin a 4 hores (454%)","interval":"4h","checkInterval":"1h","msg":"globalPoll: candle tancada, llançant runBotScan"}
{"level":30,"time":1777183236326,"pid":23216,"hostname":"DESKTOP-KPAMGTB","module":"auto-trader","bot":"Només per testeig - Te perdues -Anàlisi cada 30 minuts","interval":"30m","checkInterval":"30m","msg":"globalPoll: candle tancada, llançant runBotScan"}
{"level":30,"time":1777183591355,"pid":23216,"hostname":"DESKTOP-KPAMGTB","module":"binance","assets":23,"mode":"paper","msg":"balance"}
{"level":30,"time":1777184491537,"pid":23216,"hostname":"DESKTOP-KPAMGTB","module":"binance","assets":23,"mode":"paper","msg":"balance"}
{"level":30,"time":1777185038597,"pid":23216,"hostname":"DESKTOP-KPAMGTB","module":"auto-trader","bot":"Només per testeig - Te perdues -Anàlisi cada 30 minuts","interval":"30m","checkInterval":"30m","msg":"globalPoll: candle tancada, llançant runBotScan"}
{"level":30,"time":1777185391617,"pid":23216,"hostname":"DESKTOP-KPAMGTB","module":"binance","assets":23,"mode":"paper","msg":"balance"}
{"level":30,"time":1777186291574,"pid":23216,"hostname":"DESKTOP-KPAMGTB","module":"binance","assets":23,"mode":"paper","msg":"balance"}
{"level":30,"time":1777186801804,"pid":23216,"hostname":"DESKTOP-KPAMGTB","module":"telegram","msg":"informe horari enviat"}
{"level":30,"time":1777186837880,"pid":23216,"hostname":"DESKTOP-KPAMGTB","module":"auto-trader","bot":"Solana i Bitcoin a 4 hores (454%)","interval":"4h","checkInterval":"1h","msg":"globalPoll: candle tancada, llançant runBotScan"}
{"level":30,"time":1777186837885,"pid":23216,"hostname":"DESKTOP-KPAMGTB","module":"auto-trader","bot":"Només per testeig - Te perdues -Anàlisi cada 30 minuts","interval":"30m","checkInterval":"30m","msg":"globalPoll: candle tancada, llançant runBotScan"}
{"level":40,"time":1777187084709,"pid":23216,"hostname":"DESKTOP-KPAMGTB","module":"orders","path":"/openOrders","attempt":0,"msg":"clock drift (-1021): resyncing i reintentant"}
{"level":40,"time":1777187084806,"pid":23216,"hostname":"DESKTOP-KPAMGTB","module":"orders","path":"/openOrders","attempt":0,"msg":"clock drift (-1021): resyncing i reintentant"}
{"level":40,"time":1777187094120,"pid":23216,"hostname":"DESKTOP-KPAMGTB","module":"orders","path":"/openOrders","attempt":0,"msg":"clock drift (-1021): resyncing i reintentant"}
{"level":30,"time":1777187198358,"pid":23216,"hostname":"DESKTOP-KPAMGTB","module":"binance","assets":23,"mode":"paper","msg":"balance"}
{"level":30,"time":1777188098428,"pid":23216,"hostname":"DESKTOP-KPAMGTB","module":"binance","assets":23,"mode":"paper","msg":"balance"}
{"level":30,"time":1777188645035,"pid":23216,"hostname":"DESKTOP-KPAMGTB","module":"auto-trader","bot":"Només per testeig - Te perdues -Anàlisi cada 30 minuts","interval":"30m","checkInterval":"30m","msg":"globalPoll: candle tancada, llançant runBotScan"}
{"level":30,"time":1777188998675,"pid":23216,"hostname":"DESKTOP-KPAMGTB","module":"binance","assets":23,"mode":"paper","msg":"balance"}
{"level":30,"time":1777189898693,"pid":23216,"hostname":"DESKTOP-KPAMGTB","module":"binance","assets":23,"mode":"paper","msg":"balance"}
{"level":30,"time":1777190408786,"pid":23216,"hostname":"DESKTOP-KPAMGTB","module":"telegram","msg":"informe horari enviat"}
{"level":30,"time":1777190444562,"pid":23216,"hostname":"DESKTOP-KPAMGTB","module":"auto-trader","bot":"Solana i Bitcoin a 4 hores (454%)","interval":"4h","checkInterval":"1h","msg":"globalPoll: candle tancada, llançant runBotScan"}
{"level":30,"time":1777190444569,"pid":23216,"hostname":"DESKTOP-KPAMGTB","module":"auto-trader","bot":"Només per testeig - Te perdues -Anàlisi cada 30 minuts","interval":"30m","checkInterval":"30m","msg":"globalPoll: candle tancada, llançant runBotScan"}
{"level":30,"time":1777190798191,"pid":23216,"hostname":"DESKTOP-KPAMGTB","module":"binance","assets":23,"mode":"paper","msg":"balance"}
{"level":30,"time":1777191698245,"pid":23216,"hostname":"DESKTOP-KPAMGTB","module":"binance","assets":23,"mode":"paper","msg":"balance"}
{"level":30,"time":1777192245290,"pid":23216,"hostname":"DESKTOP-KPAMGTB","module":"auto-trader","bot":"Només per testeig - Te perdues -Anàlisi cada 30 minuts","interval":"30m","checkInterval":"30m","msg":"globalPoll: candle tancada, llançant runBotScan"}
{"level":30,"time":1777192598224,"pid":23216,"hostname":"DESKTOP-KPAMGTB","module":"binance","assets":23,"mode":"paper","msg":"balance"}
{"level":30,"time":1777193498243,"pid":23216,"hostname":"DESKTOP-KPAMGTB","module":"binance","assets":23,"mode":"paper","msg":"balance"}
{"level":30,"time":1777194008062,"pid":23216,"hostname":"DESKTOP-KPAMGTB","module":"telegram","msg":"informe horari enviat"}
{"level":30,"time":1777194045889,"pid":23216,"hostname":"DESKTOP-KPAMGTB","module":"auto-trader","bot":"Solana i Bitcoin a 4 hores (454%)","interval":"4h","checkInterval":"1h","msg":"globalPoll: candle tancada, llançant runBotScan"}
{"level":30,"time":1777194045891,"pid":23216,"hostname":"DESKTOP-KPAMGTB","module":"auto-trader","bot":"Només per testeig - Te perdues -Anàlisi cada 30 minuts","interval":"30m","checkInterval":"30m","msg":"globalPoll: candle tancada, llançant runBotScan"}
{"level":30,"time":1777194399093,"pid":23216,"hostname":"DESKTOP-KPAMGTB","module":"binance","assets":23,"mode":"paper","msg":"balance"}
{"level":30,"time":1777195299072,"pid":23216,"hostname":"DESKTOP-KPAMGTB","module":"binance","assets":23,"mode":"paper","msg":"balance"}
{"level":30,"time":1777195844685,"pid":23216,"hostname":"DESKTOP-KPAMGTB","module":"auto-trader","bot":"Només per testeig - Te perdues -Anàlisi cada 30 minuts","interval":"30m","checkInterval":"30m","msg":"globalPoll: candle tancada, llançant runBotScan"}
{"level":30,"time":1777196199244,"pid":23216,"hostname":"DESKTOP-KPAMGTB","module":"binance","assets":23,"mode":"paper","msg":"balance"}
{"level":30,"time":1777197099300,"pid":23216,"hostname":"DESKTOP-KPAMGTB","module":"binance","assets":23,"mode":"paper","msg":"balance"}
{"level":30,"time":1777197608011,"pid":23216,"hostname":"DESKTOP-KPAMGTB","module":"telegram","msg":"informe horari enviat"}
{"level":30,"time":1777197646064,"pid":23216,"hostname":"DESKTOP-KPAMGTB","module":"auto-trader","bot":"Solana i Bitcoin a 4 hores (454%)","interval":"4h","checkInterval":"1h","msg":"globalPoll: candle tancada, llançant runBotScan"}
{"level":30,"time":1777197646071,"pid":23216,"hostname":"DESKTOP-KPAMGTB","module":"auto-trader","bot":"Només per testeig - Te perdues -Anàlisi cada 30 minuts","interval":"30m","checkInterval":"30m","msg":"globalPoll: candle tancada, llançant runBotScan"}
{"level":30,"time":1777197999348,"pid":23216,"hostname":"DESKTOP-KPAMGTB","module":"binance","assets":23,"mode":"paper","msg":"balance"}
{"level":30,"time":1777198900055,"pid":23216,"hostname":"DESKTOP-KPAMGTB","module":"binance","assets":23,"mode":"paper","msg":"balance"}
{"level":30,"time":1777199445582,"pid":23216,"hostname":"DESKTOP-KPAMGTB","module":"auto-trader","bot":"Només per testeig - Te perdues -Anàlisi cada 30 minuts","interval":"30m","checkInterval":"30m","msg":"globalPoll: candle tancada, llançant runBotScan"}
{"level":30,"time":1777199800166,"pid":23216,"hostname":"DESKTOP-KPAMGTB","module":"binance","assets":23,"mode":"paper","msg":"balance"}
{"level":30,"time":1777200700182,"pid":23216,"hostname":"DESKTOP-KPAMGTB","module":"binance","assets":23,"mode":"paper","msg":"balance"}
{"level":30,"time":1777201208865,"pid":23216,"hostname":"DESKTOP-KPAMGTB","module":"telegram","msg":"informe horari enviat"}
{"level":30,"time":1777201245065,"pid":23216,"hostname":"DESKTOP-KPAMGTB","module":"auto-trader","bot":"Solana i Bitcoin a 4 hores (454%)","interval":"4h","checkInterval":"1h","msg":"globalPoll: candle tancada, llançant runBotScan"}
{"level":30,"time":1777201245069,"pid":23216,"hostname":"DESKTOP-KPAMGTB","module":"auto-trader","bot":"Només per testeig - Te perdues -Anàlisi cada 30 minuts","interval":"30m","checkInterval":"30m","msg":"globalPoll: candle tancada, llançant runBotScan"}
{"level":30,"time":1777201600954,"pid":23216,"hostname":"DESKTOP-KPAMGTB","module":"binance","assets":23,"mode":"paper","msg":"balance"}
{"level":30,"time":1777202500384,"pid":23216,"hostname":"DESKTOP-KPAMGTB","module":"binance","assets":23,"mode":"paper","msg":"balance"}
{"level":30,"time":1777203045819,"pid":23216,"hostname":"DESKTOP-KPAMGTB","module":"auto-trader","bot":"Només per testeig - Te perdues -Anàlisi cada 30 minuts","interval":"30m","checkInterval":"30m","msg":"globalPoll: candle tancada, llançant runBotScan"}
{"level":30,"time":1777203401144,"pid":23216,"hostname":"DESKTOP-KPAMGTB","module":"binance","assets":23,"mode":"paper","msg":"balance"}
{"level":30,"time":1777204301678,"pid":23216,"hostname":"DESKTOP-KPAMGTB","module":"binance","assets":23,"mode":"paper","msg":"balance"}
{"level":30,"time":1777204808346,"pid":23216,"hostname":"DESKTOP-KPAMGTB","module":"telegram","msg":"informe horari enviat"}
{"level":30,"time":1777204848573,"pid":23216,"hostname":"DESKTOP-KPAMGTB","module":"auto-trader","bot":"Solana i Bitcoin a 4 hores (454%)","interval":"4h","checkInterval":"1h","msg":"globalPoll: candle tancada, llançant runBotScan"}
{"level":30,"time":1777204848576,"pid":23216,"hostname":"DESKTOP-KPAMGTB","module":"auto-trader","bot":"Només per testeig - Te perdues -Anàlisi cada 30 minuts","interval":"30m","checkInterval":"30m","msg":"globalPoll: candle tancada, llançant runBotScan"}
{"level":30,"time":1777205200901,"pid":23216,"hostname":"DESKTOP-KPAMGTB","module":"binance","assets":23,"mode":"paper","msg":"balance"}
