{"level":30,"time":1778615280946,"pid":16956,"hostname":"DESKTOP-KPAMGTB","module":"order-monitor","msg":"monitor iniciat (paper + real)"}
{"level":30,"time":1778615281006,"pid":16956,"hostname":"DESKTOP-KPAMGTB","module":"telegram","nextHourIn":12,"nextDailyIn":582,"msg":"scheduler iniciat"}
{"level":30,"time":1778615281016,"pid":16956,"hostname":"DESKTOP-KPAMGTB","module":"orders","symbol":"BTCUSDC","thresholds":[{"windowMin":5,"pct":5},{"windowMin":15,"pct":8},{"windowMin":60,"pct":12}],"pollMs":60000,"msg":"Crash monitor iniciat"}
{"level":30,"time":1778615281022,"pid":16956,"hostname":"DESKTOP-KPAMGTB","module":"auto-trader","msg":"auto-trader multi-bot iniciat (poll 60s)"}
{"level":50,"time":1778615281840,"pid":16956,"hostname":"DESKTOP-KPAMGTB","module":"order-monitor","mode":"real","err":"Binance /openOrders 401: {\"code\":-2015,\"msg\":\"Invalid API-key, IP, or permissions for action.\"}","msg":"error inicialitzant"}
{"level":30,"time":1778615282993,"pid":16956,"hostname":"DESKTOP-KPAMGTB","module":"order-monitor","mode":"paper","count":1,"msg":"inicialitzat"}
{"level":30,"time":1778615283246,"pid":16956,"hostname":"DESKTOP-KPAMGTB","module":"binance","assets":23,"mode":"paper","msg":"balance"}
{"level":30,"time":1778615283524,"pid":16956,"hostname":"DESKTOP-KPAMGTB","module":"binance","assets":23,"mode":"paper","msg":"balance"}
{"level":30,"time":1778616182363,"pid":16956,"hostname":"DESKTOP-KPAMGTB","module":"binance","assets":23,"mode":"paper","msg":"balance"}
{"level":30,"time":1778617082087,"pid":16956,"hostname":"DESKTOP-KPAMGTB","module":"binance","assets":23,"mode":"paper","msg":"balance"}
{"level":30,"time":1778617981751,"pid":16956,"hostname":"DESKTOP-KPAMGTB","module":"binance","assets":23,"mode":"paper","msg":"balance"}
{"level":30,"time":1778618881711,"pid":16956,"hostname":"DESKTOP-KPAMGTB","module":"binance","assets":23,"mode":"paper","msg":"balance"}
{"level":30,"time":1778619781957,"pid":16956,"hostname":"DESKTOP-KPAMGTB","module":"binance","assets":23,"mode":"paper","msg":"balance"}
{"level":30,"time":1778620681970,"pid":16956,"hostname":"DESKTOP-KPAMGTB","module":"binance","assets":23,"mode":"paper","msg":"balance"}
{"level":30,"time":1778621625504,"pid":16956,"hostname":"DESKTOP-KPAMGTB","module":"binance","assets":23,"mode":"paper","msg":"balance"}
{"level":30,"time":1778621716658,"pid":16956,"hostname":"DESKTOP-KPAMGTB","module":"trailing-engine","msg":"motor iniciat"}
{"level":50,"time":1778621737274,"pid":16956,"hostname":"DESKTOP-KPAMGTB","module":"api","source":"orders","code":"AUTH","err":"Binance /openOrders 401: {\"code\":-2015,\"msg\":\"Invalid API-key, IP, or permissions for action.\"}","msg":"error de ruta"}
{"level":50,"time":1778621737291,"pid":16956,"hostname":"DESKTOP-KPAMGTB","module":"api","source":"cost-basis","code":"AUTH","err":"Binance /account 401: {\"code\":-2015,\"msg\":\"Invalid API-key, IP, or permissions for action.\"}","msg":"error de ruta"}
{"level":50,"time":1778621737305,"pid":16956,"hostname":"DESKTOP-KPAMGTB","module":"api","source":"balance","code":"AUTH","err":"Binance /account 401: {\"code\":-2015,\"msg\":\"Invalid API-key, IP, or permissions for action.\"}","msg":"error de ruta"}
{"level":50,"time":1778621737332,"pid":16956,"hostname":"DESKTOP-KPAMGTB","module":"api","source":"balance","code":"AUTH","err":"Binance /account 401: {\"code\":-2015,\"msg\":\"Invalid API-key, IP, or permissions for action.\"}","msg":"error de ruta"}
{"level":50,"time":1778621737606,"pid":16956,"hostname":"DESKTOP-KPAMGTB","module":"api","source":"cost-basis","code":"AUTH","err":"Binance /account 401: {\"code\":-2015,\"msg\":\"Invalid API-key, IP, or permissions for action.\"}","msg":"error de ruta"}
{"level":30,"time":1778621746710,"pid":16956,"hostname":"DESKTOP-KPAMGTB","module":"binance","assets":23,"mode":"paper","msg":"balance"}
{"level":50,"time":1778621760547,"pid":16956,"hostname":"DESKTOP-KPAMGTB","module":"api","source":"balance","code":"AUTH","err":"Binance /account 401: {\"code\":-2015,\"msg\":\"Invalid API-key, IP, or permissions for action.\"}","msg":"error de ruta"}
{"level":50,"time":1778621760564,"pid":16956,"hostname":"DESKTOP-KPAMGTB","module":"api","source":"cost-basis","code":"AUTH","err":"Binance /account 401: {\"code\":-2015,\"msg\":\"Invalid API-key, IP, or permissions for action.\"}","msg":"error de ruta"}
{"level":50,"time":1778621760578,"pid":16956,"hostname":"DESKTOP-KPAMGTB","module":"api","source":"orders","code":"AUTH","err":"Binance /openOrders 401: {\"code\":-2015,\"msg\":\"Invalid API-key, IP, or permissions for action.\"}","msg":"error de ruta"}
{"level":50,"time":1778621760677,"pid":16956,"hostname":"DESKTOP-KPAMGTB","module":"api","source":"balance","code":"AUTH","err":"Binance /account 401: {\"code\":-2015,\"msg\":\"Invalid API-key, IP, or permissions for action.\"}","msg":"error de ruta"}
{"level":50,"time":1778621760889,"pid":16956,"hostname":"DESKTOP-KPAMGTB","module":"api","source":"cost-basis","code":"AUTH","err":"Binance /account 401: {\"code\":-2015,\"msg\":\"Invalid API-key, IP, or permissions for action.\"}","msg":"error de ruta"}
{"level":50,"time":1778621775406,"pid":16956,"hostname":"DESKTOP-KPAMGTB","module":"api","source":"orders","code":"AUTH","err":"Binance /openOrders 401: {\"code\":-2015,\"msg\":\"Invalid API-key, IP, or permissions for action.\"}","msg":"error de ruta"}
{"level":50,"time":1778621790508,"pid":16956,"hostname":"DESKTOP-KPAMGTB","module":"api","source":"orders","code":"AUTH","err":"Binance /openOrders 401: {\"code\":-2015,\"msg\":\"Invalid API-key, IP, or permissions for action.\"}","msg":"error de ruta"}
{"level":50,"time":1778621805922,"pid":16956,"hostname":"DESKTOP-KPAMGTB","module":"api","source":"orders","code":"AUTH","err":"Binance /openOrders 401: {\"code\":-2015,\"msg\":\"Invalid API-key, IP, or permissions for action.\"}","msg":"error de ruta"}
{"level":50,"time":1778621820989,"pid":16956,"hostname":"DESKTOP-KPAMGTB","module":"api","source":"orders","code":"AUTH","err":"Binance /openOrders 401: {\"code\":-2015,\"msg\":\"Invalid API-key, IP, or permissions for action.\"}","msg":"error de ruta"}
{"level":50,"time":1778621835690,"pid":16956,"hostname":"DESKTOP-KPAMGTB","module":"api","source":"orders","code":"AUTH","err":"Binance /openOrders 401: {\"code\":-2015,\"msg\":\"Invalid API-key, IP, or permissions for action.\"}","msg":"error de ruta"}
{"level":50,"time":1778621850629,"pid":16956,"hostname":"DESKTOP-KPAMGTB","module":"api","source":"orders","code":"AUTH","err":"Binance /openOrders 401: {\"code\":-2015,\"msg\":\"Invalid API-key, IP, or permissions for action.\"}","msg":"error de ruta"}
{"level":50,"time":1778621924624,"pid":16956,"hostname":"DESKTOP-KPAMGTB","module":"api","source":"orders","code":"AUTH","err":"Binance /openOrders 401: {\"code\":-2015,\"msg\":\"Invalid API-key, IP, or permissions for action.\"}","msg":"error de ruta"}
{"level":50,"time":1778621984998,"pid":16956,"hostname":"DESKTOP-KPAMGTB","module":"api","source":"orders","code":"AUTH","err":"Binance /openOrders 401: {\"code\":-2015,\"msg\":\"Invalid API-key, IP, or permissions for action.\"}","msg":"error de ruta"}
{"level":50,"time":1778622044769,"pid":16956,"hostname":"DESKTOP-KPAMGTB","module":"api","source":"orders","code":"AUTH","err":"Binance /openOrders 401: {\"code\":-2015,\"msg\":\"Invalid API-key, IP, or permissions for action.\"}","msg":"error de ruta"}
{"level":50,"time":1778622104707,"pid":16956,"hostname":"DESKTOP-KPAMGTB","module":"api","source":"orders","code":"AUTH","err":"Binance /openOrders 401: {\"code\":-2015,\"msg\":\"Invalid API-key, IP, or permissions for action.\"}","msg":"error de ruta"}
{"level":50,"time":1778622164965,"pid":16956,"hostname":"DESKTOP-KPAMGTB","module":"api","source":"orders","code":"AUTH","err":"Binance /openOrders 401: {\"code\":-2015,\"msg\":\"Invalid API-key, IP, or permissions for action.\"}","msg":"error de ruta"}
{"level":50,"time":1778622165864,"pid":16956,"hostname":"DESKTOP-KPAMGTB","module":"api","source":"orders","code":"AUTH","err":"Binance /openOrders 401: {\"code\":-2015,\"msg\":\"Invalid API-key, IP, or permissions for action.\"}","msg":"error de ruta"}
{"level":50,"time":1778622180587,"pid":16956,"hostname":"DESKTOP-KPAMGTB","module":"api","source":"orders","code":"AUTH","err":"Binance /openOrders 401: {\"code\":-2015,\"msg\":\"Invalid API-key, IP, or permissions for action.\"}","msg":"error de ruta"}
{"level":50,"time":1778622195654,"pid":16956,"hostname":"DESKTOP-KPAMGTB","module":"api","source":"orders","code":"AUTH","err":"Binance /openOrders 401: {\"code\":-2015,\"msg\":\"Invalid API-key, IP, or permissions for action.\"}","msg":"error de ruta"}
{"level":50,"time":1778622210643,"pid":16956,"hostname":"DESKTOP-KPAMGTB","module":"api","source":"orders","code":"AUTH","err":"Binance /openOrders 401: {\"code\":-2015,\"msg\":\"Invalid API-key, IP, or permissions for action.\"}","msg":"error de ruta"}
{"level":50,"time":1778622225660,"pid":16956,"hostname":"DESKTOP-KPAMGTB","module":"api","source":"orders","code":"AUTH","err":"Binance /openOrders 401: {\"code\":-2015,\"msg\":\"Invalid API-key, IP, or permissions for action.\"}","msg":"error de ruta"}
{"level":50,"time":1778622240682,"pid":16956,"hostname":"DESKTOP-KPAMGTB","module":"api","source":"orders","code":"AUTH","err":"Binance /openOrders 401: {\"code\":-2015,\"msg\":\"Invalid API-key, IP, or permissions for action.\"}","msg":"error de ruta"}
{"level":50,"time":1778622255656,"pid":16956,"hostname":"DESKTOP-KPAMGTB","module":"api","source":"orders","code":"AUTH","err":"Binance /openOrders 401: {\"code\":-2015,\"msg\":\"Invalid API-key, IP, or permissions for action.\"}","msg":"error de ruta"}
{"level":50,"time":1778622270617,"pid":16956,"hostname":"DESKTOP-KPAMGTB","module":"api","source":"orders","code":"AUTH","err":"Binance /openOrders 401: {\"code\":-2015,\"msg\":\"Invalid API-key, IP, or permissions for action.\"}","msg":"error de ruta"}
{"level":50,"time":1778622285880,"pid":16956,"hostname":"DESKTOP-KPAMGTB","module":"api","source":"orders","code":"AUTH","err":"Binance /openOrders 401: {\"code\":-2015,\"msg\":\"Invalid API-key, IP, or permissions for action.\"}","msg":"error de ruta"}
{"level":30,"time":1778622311226,"pid":16956,"hostname":"DESKTOP-KPAMGTB","module":"binance","assets":23,"mode":"paper","msg":"balance"}
{"level":30,"time":1778622312183,"pid":16956,"hostname":"DESKTOP-KPAMGTB","module":"binance","assets":23,"mode":"paper","msg":"balance"}
{"level":30,"time":1778622317241,"pid":16956,"hostname":"DESKTOP-KPAMGTB","module":"binance","assets":4,"mode":"real","msg":"balance"}
{"level":30,"time":1778622317286,"pid":16956,"hostname":"DESKTOP-KPAMGTB","module":"binance","assets":4,"mode":"real","msg":"balance"}
{"level":30,"time":1778622355460,"pid":16956,"hostname":"DESKTOP-KPAMGTB","module":"binance","count":0,"mode":"real","msg":"order history"}
{"level":30,"time":1778622356208,"pid":16956,"hostname":"DESKTOP-KPAMGTB","module":"binance","count":87,"msg":"trades"}
{"level":30,"time":1778622356508,"pid":16956,"hostname":"DESKTOP-KPAMGTB","module":"binance","count":87,"msg":"trades"}
