{"level":30,"time":1778906844153,"pid":8776,"hostname":"DESKTOP-KPAMGTB","module":"order-monitor","msg":"monitor iniciat (paper + real)"}
{"level":30,"time":1778906844177,"pid":8776,"hostname":"DESKTOP-KPAMGTB","module":"telegram","nextHourIn":13,"nextDailyIn":43,"msg":"scheduler iniciat"}
{"level":30,"time":1778906844179,"pid":8776,"hostname":"DESKTOP-KPAMGTB","module":"orders","symbol":"BTCUSDC","thresholds":[{"windowMin":5,"pct":5},{"windowMin":15,"pct":8},{"windowMin":60,"pct":12}],"pollMs":60000,"msg":"Crash monitor iniciat"}
{"level":30,"time":1778906844186,"pid":8776,"hostname":"DESKTOP-KPAMGTB","module":"auto-trader","msg":"auto-trader multi-bot iniciat (poll 60s)"}
{"level":30,"time":1778906845448,"pid":8776,"hostname":"DESKTOP-KPAMGTB","module":"order-monitor","mode":"real","count":0,"msg":"inicialitzat"}
{"level":30,"time":1778906847022,"pid":8776,"hostname":"DESKTOP-KPAMGTB","module":"order-monitor","mode":"paper","count":0,"msg":"inicialitzat"}
{"level":30,"time":1778906849030,"pid":8776,"hostname":"DESKTOP-KPAMGTB","module":"binance","assets":23,"mode":"paper","msg":"balance"}
{"level":30,"time":1778906851087,"pid":8776,"hostname":"DESKTOP-KPAMGTB","module":"binance","assets":23,"mode":"paper","msg":"balance"}
{"level":30,"time":1778907111884,"pid":8776,"hostname":"DESKTOP-KPAMGTB","module":"binance","assets":23,"mode":"paper","msg":"balance"}
{"level":30,"time":1778907120797,"pid":8776,"hostname":"DESKTOP-KPAMGTB","module":"binance","assets":23,"mode":"paper","msg":"balance"}
{"level":30,"time":1778907122310,"pid":8776,"hostname":"DESKTOP-KPAMGTB","module":"binance","assets":23,"mode":"paper","msg":"balance"}
{"level":50,"time":1778907122470,"pid":8776,"hostname":"DESKTOP-KPAMGTB","module":"api","source":"convert/GET","code":"AUTH","err":"Binance /convert/tradeFlow 400: {\"code\":-2008,\"msg\":\"Invalid Api-Key ID.\"}","msg":"error de ruta"}
{"level":50,"time":1778907122535,"pid":8776,"hostname":"DESKTOP-KPAMGTB","module":"api","source":"convert/GET","code":"AUTH","err":"Binance /convert/tradeFlow 400: {\"code\":-2008,\"msg\":\"Invalid Api-Key ID.\"}","msg":"error de ruta"}
{"level":30,"time":1778907123028,"pid":8776,"hostname":"DESKTOP-KPAMGTB","module":"binance","assets":23,"mode":"paper","msg":"balance"}
{"level":30,"time":1778907124193,"pid":8776,"hostname":"DESKTOP-KPAMGTB","module":"trailing-engine","msg":"motor iniciat"}
{"level":30,"time":1778907126150,"pid":8776,"hostname":"DESKTOP-KPAMGTB","module":"binance","count":87,"msg":"trades"}
{"level":30,"time":1778907126343,"pid":8776,"hostname":"DESKTOP-KPAMGTB","module":"binance","count":50,"mode":"paper","msg":"order history"}
{"level":30,"time":1778907127053,"pid":8776,"hostname":"DESKTOP-KPAMGTB","module":"binance","count":87,"msg":"trades"}
{"level":30,"time":1778907132022,"pid":8776,"hostname":"DESKTOP-KPAMGTB","module":"binance","assets":4,"mode":"real","msg":"balance"}
{"level":30,"time":1778907132036,"pid":8776,"hostname":"DESKTOP-KPAMGTB","module":"binance","assets":4,"mode":"real","msg":"balance"}
{"level":30,"time":1778907193104,"pid":8776,"hostname":"DESKTOP-KPAMGTB","module":"binance","count":0,"mode":"real","msg":"order history"}
{"level":30,"time":1778907193528,"pid":8776,"hostname":"DESKTOP-KPAMGTB","module":"binance","count":87,"msg":"trades"}
{"level":30,"time":1778907193837,"pid":8776,"hostname":"DESKTOP-KPAMGTB","module":"binance","count":87,"msg":"trades"}
{"level":30,"time":1778907749295,"pid":8776,"hostname":"DESKTOP-KPAMGTB","module":"binance","assets":23,"mode":"paper","msg":"balance"}
{"level":30,"time":1778908649285,"pid":8776,"hostname":"DESKTOP-KPAMGTB","module":"binance","assets":23,"mode":"paper","msg":"balance"}
{"level":30,"time":1778909549251,"pid":8776,"hostname":"DESKTOP-KPAMGTB","module":"binance","assets":23,"mode":"paper","msg":"balance"}
{"level":30,"time":1778910449267,"pid":8776,"hostname":"DESKTOP-KPAMGTB","module":"binance","assets":23,"mode":"paper","msg":"balance"}
{"level":30,"time":1778911349497,"pid":8776,"hostname":"DESKTOP-KPAMGTB","module":"binance","assets":23,"mode":"paper","msg":"balance"}
{"level":30,"time":1778912249274,"pid":8776,"hostname":"DESKTOP-KPAMGTB","module":"binance","assets":23,"mode":"paper","msg":"balance"}
{"level":30,"time":1778913169699,"pid":8776,"hostname":"DESKTOP-KPAMGTB","module":"binance","assets":23,"mode":"paper","msg":"balance"}
{"level":30,"time":1778914069386,"pid":8776,"hostname":"DESKTOP-KPAMGTB","module":"binance","assets":23,"mode":"paper","msg":"balance"}
{"level":30,"time":1778914969377,"pid":8776,"hostname":"DESKTOP-KPAMGTB","module":"binance","assets":23,"mode":"paper","msg":"balance"}
{"level":30,"time":1778915869400,"pid":8776,"hostname":"DESKTOP-KPAMGTB","module":"binance","assets":23,"mode":"paper","msg":"balance"}
{"level":30,"time":1778916769456,"pid":8776,"hostname":"DESKTOP-KPAMGTB","module":"binance","assets":23,"mode":"paper","msg":"balance"}
{"level":30,"time":1778917669384,"pid":8776,"hostname":"DESKTOP-KPAMGTB","module":"binance","assets":23,"mode":"paper","msg":"balance"}
{"level":30,"time":1778918569435,"pid":8776,"hostname":"DESKTOP-KPAMGTB","module":"binance","assets":23,"mode":"paper","msg":"balance"}
{"level":30,"time":1778919469529,"pid":8776,"hostname":"DESKTOP-KPAMGTB","module":"binance","assets":23,"mode":"paper","msg":"balance"}
{"level":30,"time":1778920369377,"pid":8776,"hostname":"DESKTOP-KPAMGTB","module":"binance","assets":23,"mode":"paper","msg":"balance"}
{"level":30,"time":1778921269669,"pid":8776,"hostname":"DESKTOP-KPAMGTB","module":"binance","assets":23,"mode":"paper","msg":"balance"}
{"level":30,"time":1778922169409,"pid":8776,"hostname":"DESKTOP-KPAMGTB","module":"binance","assets":23,"mode":"paper","msg":"balance"}
{"level":30,"time":1778923069419,"pid":8776,"hostname":"DESKTOP-KPAMGTB","module":"binance","assets":23,"mode":"paper","msg":"balance"}
{"level":30,"time":1778923969413,"pid":8776,"hostname":"DESKTOP-KPAMGTB","module":"binance","assets":23,"mode":"paper","msg":"balance"}
{"level":30,"time":1778924869499,"pid":8776,"hostname":"DESKTOP-KPAMGTB","module":"binance","assets":23,"mode":"paper","msg":"balance"}
{"level":30,"time":1778925769725,"pid":8776,"hostname":"DESKTOP-KPAMGTB","module":"binance","assets":23,"mode":"paper","msg":"balance"}
{"level":30,"time":1778926669633,"pid":8776,"hostname":"DESKTOP-KPAMGTB","module":"binance","assets":23,"mode":"paper","msg":"balance"}
{"level":30,"time":1778927569534,"pid":8776,"hostname":"DESKTOP-KPAMGTB","module":"binance","assets":23,"mode":"paper","msg":"balance"}
{"level":30,"time":1778928469612,"pid":8776,"hostname":"DESKTOP-KPAMGTB","module":"binance","assets":23,"mode":"paper","msg":"balance"}
{"level":30,"time":1778929369412,"pid":8776,"hostname":"DESKTOP-KPAMGTB","module":"binance","assets":23,"mode":"paper","msg":"balance"}
{"level":30,"time":1778930269776,"pid":8776,"hostname":"DESKTOP-KPAMGTB","module":"binance","assets":23,"mode":"paper","msg":"balance"}
{"level":30,"time":1778931169452,"pid":8776,"hostname":"DESKTOP-KPAMGTB","module":"binance","assets":23,"mode":"paper","msg":"balance"}
{"level":30,"time":1778932069389,"pid":8776,"hostname":"DESKTOP-KPAMGTB","module":"binance","assets":23,"mode":"paper","msg":"balance"}
{"level":30,"time":1778932969547,"pid":8776,"hostname":"DESKTOP-KPAMGTB","module":"binance","assets":23,"mode":"paper","msg":"balance"}
{"level":30,"time":1778933870475,"pid":8776,"hostname":"DESKTOP-KPAMGTB","module":"binance","assets":23,"mode":"paper","msg":"balance"}
{"level":30,"time":1778934769549,"pid":8776,"hostname":"DESKTOP-KPAMGTB","module":"binance","assets":23,"mode":"paper","msg":"balance"}
{"level":30,"time":1778935669405,"pid":8776,"hostname":"DESKTOP-KPAMGTB","module":"binance","assets":23,"mode":"paper","msg":"balance"}
{"level":30,"time":1778936569466,"pid":8776,"hostname":"DESKTOP-KPAMGTB","module":"binance","assets":23,"mode":"paper","msg":"balance"}
{"level":30,"time":1778937469622,"pid":8776,"hostname":"DESKTOP-KPAMGTB","module":"binance","assets":23,"mode":"paper","msg":"balance"}
{"level":30,"time":1778938369408,"pid":8776,"hostname":"DESKTOP-KPAMGTB","module":"binance","assets":23,"mode":"paper","msg":"balance"}
{"level":30,"time":1778939269390,"pid":8776,"hostname":"DESKTOP-KPAMGTB","module":"binance","assets":23,"mode":"paper","msg":"balance"}
{"level":30,"time":1778940169376,"pid":8776,"hostname":"DESKTOP-KPAMGTB","module":"binance","assets":23,"mode":"paper","msg":"balance"}
{"level":30,"time":1778941069509,"pid":8776,"hostname":"DESKTOP-KPAMGTB","module":"binance","assets":23,"mode":"paper","msg":"balance"}
{"level":30,"time":1778941969444,"pid":8776,"hostname":"DESKTOP-KPAMGTB","module":"binance","assets":23,"mode":"paper","msg":"balance"}
{"level":30,"time":1778942869638,"pid":8776,"hostname":"DESKTOP-KPAMGTB","module":"binance","assets":23,"mode":"paper","msg":"balance"}
{"level":30,"time":1778943769471,"pid":8776,"hostname":"DESKTOP-KPAMGTB","module":"binance","assets":23,"mode":"paper","msg":"balance"}
{"level":30,"time":1778944669474,"pid":8776,"hostname":"DESKTOP-KPAMGTB","module":"binance","assets":23,"mode":"paper","msg":"balance"}
{"level":30,"time":1778945569376,"pid":8776,"hostname":"DESKTOP-KPAMGTB","module":"binance","assets":23,"mode":"paper","msg":"balance"}
{"level":30,"time":1778946469528,"pid":8776,"hostname":"DESKTOP-KPAMGTB","module":"binance","assets":23,"mode":"paper","msg":"balance"}
{"level":30,"time":1778947369417,"pid":8776,"hostname":"DESKTOP-KPAMGTB","module":"binance","assets":23,"mode":"paper","msg":"balance"}
{"level":30,"time":1778948269410,"pid":8776,"hostname":"DESKTOP-KPAMGTB","module":"binance","assets":23,"mode":"paper","msg":"balance"}
{"level":30,"time":1778949169382,"pid":8776,"hostname":"DESKTOP-KPAMGTB","module":"binance","assets":23,"mode":"paper","msg":"balance"}
{"level":30,"time":1778950069478,"pid":8776,"hostname":"DESKTOP-KPAMGTB","module":"binance","assets":23,"mode":"paper","msg":"balance"}
{"level":30,"time":1778950930069,"pid":8776,"hostname":"DESKTOP-KPAMGTB","module":"binance","count":0,"mode":"real","msg":"order history"}
{"level":30,"time":1778950930491,"pid":8776,"hostname":"DESKTOP-KPAMGTB","module":"binance","count":87,"msg":"trades"}
{"level":30,"time":1778950930863,"pid":8776,"hostname":"DESKTOP-KPAMGTB","module":"binance","count":87,"msg":"trades"}
{"level":30,"time":1778950944302,"pid":8776,"hostname":"DESKTOP-KPAMGTB","module":"binance","assets":23,"mode":"paper","msg":"balance"}
{"level":30,"time":1778950969612,"pid":8776,"hostname":"DESKTOP-KPAMGTB","module":"binance","assets":23,"mode":"paper","msg":"balance"}
{"level":30,"time":1778950997645,"pid":8776,"hostname":"DESKTOP-KPAMGTB","module":"binance","assets":4,"mode":"real","msg":"balance"}
{"level":30,"time":1778950997685,"pid":8776,"hostname":"DESKTOP-KPAMGTB","module":"binance","assets":4,"mode":"real","msg":"balance"}
{"level":30,"time":1778951869435,"pid":8776,"hostname":"DESKTOP-KPAMGTB","module":"binance","assets":23,"mode":"paper","msg":"balance"}
{"level":30,"time":1778951897958,"pid":8776,"hostname":"DESKTOP-KPAMGTB","module":"binance","assets":4,"mode":"real","msg":"balance"}
{"level":30,"time":1778952769449,"pid":8776,"hostname":"DESKTOP-KPAMGTB","module":"binance","assets":23,"mode":"paper","msg":"balance"}
{"level":30,"time":1778952798000,"pid":8776,"hostname":"DESKTOP-KPAMGTB","module":"binance","assets":4,"mode":"real","msg":"balance"}
{"level":30,"time":1778953669417,"pid":8776,"hostname":"DESKTOP-KPAMGTB","module":"binance","assets":23,"mode":"paper","msg":"balance"}
{"level":30,"time":1778953697708,"pid":8776,"hostname":"DESKTOP-KPAMGTB","module":"binance","assets":4,"mode":"real","msg":"balance"}
{"level":30,"time":1778954569507,"pid":8776,"hostname":"DESKTOP-KPAMGTB","module":"binance","assets":23,"mode":"paper","msg":"balance"}
{"level":30,"time":1778954597708,"pid":8776,"hostname":"DESKTOP-KPAMGTB","module":"binance","assets":4,"mode":"real","msg":"balance"}
{"level":30,"time":1778955469432,"pid":8776,"hostname":"DESKTOP-KPAMGTB","module":"binance","assets":23,"mode":"paper","msg":"balance"}
{"level":30,"time":1778955497715,"pid":8776,"hostname":"DESKTOP-KPAMGTB","module":"binance","assets":4,"mode":"real","msg":"balance"}
{"level":30,"time":1778956369410,"pid":8776,"hostname":"DESKTOP-KPAMGTB","module":"binance","assets":23,"mode":"paper","msg":"balance"}
{"level":30,"time":1778956397691,"pid":8776,"hostname":"DESKTOP-KPAMGTB","module":"binance","assets":4,"mode":"real","msg":"balance"}
{"level":30,"time":1778957269378,"pid":8776,"hostname":"DESKTOP-KPAMGTB","module":"binance","assets":23,"mode":"paper","msg":"balance"}
{"level":30,"time":1778957297845,"pid":8776,"hostname":"DESKTOP-KPAMGTB","module":"binance","assets":4,"mode":"real","msg":"balance"}
{"level":30,"time":1778958169367,"pid":8776,"hostname":"DESKTOP-KPAMGTB","module":"binance","assets":23,"mode":"paper","msg":"balance"}
{"level":30,"time":1778958198160,"pid":8776,"hostname":"DESKTOP-KPAMGTB","module":"binance","assets":4,"mode":"real","msg":"balance"}
{"level":30,"time":1778959069387,"pid":8776,"hostname":"DESKTOP-KPAMGTB","module":"binance","assets":23,"mode":"paper","msg":"balance"}
{"level":30,"time":1778959097860,"pid":8776,"hostname":"DESKTOP-KPAMGTB","module":"binance","assets":4,"mode":"real","msg":"balance"}
{"level":30,"time":1778959969373,"pid":8776,"hostname":"DESKTOP-KPAMGTB","module":"binance","assets":23,"mode":"paper","msg":"balance"}
{"level":30,"time":1778959998264,"pid":8776,"hostname":"DESKTOP-KPAMGTB","module":"binance","assets":4,"mode":"real","msg":"balance"}
{"level":30,"time":1778960869428,"pid":8776,"hostname":"DESKTOP-KPAMGTB","module":"binance","assets":23,"mode":"paper","msg":"balance"}
{"level":30,"time":1778960898152,"pid":8776,"hostname":"DESKTOP-KPAMGTB","module":"binance","assets":4,"mode":"real","msg":"balance"}
{"level":30,"time":1778961769451,"pid":8776,"hostname":"DESKTOP-KPAMGTB","module":"binance","assets":23,"mode":"paper","msg":"balance"}
{"level":30,"time":1778961798226,"pid":8776,"hostname":"DESKTOP-KPAMGTB","module":"binance","assets":4,"mode":"real","msg":"balance"}
{"level":30,"time":1778962669389,"pid":8776,"hostname":"DESKTOP-KPAMGTB","module":"binance","assets":23,"mode":"paper","msg":"balance"}
{"level":30,"time":1778962698372,"pid":8776,"hostname":"DESKTOP-KPAMGTB","module":"binance","assets":4,"mode":"real","msg":"balance"}
{"level":30,"time":1778963569534,"pid":8776,"hostname":"DESKTOP-KPAMGTB","module":"binance","assets":23,"mode":"paper","msg":"balance"}
{"level":30,"time":1778963598389,"pid":8776,"hostname":"DESKTOP-KPAMGTB","module":"binance","assets":4,"mode":"real","msg":"balance"}
{"level":30,"time":1778964469428,"pid":8776,"hostname":"DESKTOP-KPAMGTB","module":"binance","assets":23,"mode":"paper","msg":"balance"}
{"level":30,"time":1778964498388,"pid":8776,"hostname":"DESKTOP-KPAMGTB","module":"binance","assets":4,"mode":"real","msg":"balance"}
{"level":30,"time":1778965369417,"pid":8776,"hostname":"DESKTOP-KPAMGTB","module":"binance","assets":23,"mode":"paper","msg":"balance"}
{"level":30,"time":1778965398375,"pid":8776,"hostname":"DESKTOP-KPAMGTB","module":"binance","assets":4,"mode":"real","msg":"balance"}
{"level":30,"time":1778966269601,"pid":8776,"hostname":"DESKTOP-KPAMGTB","module":"binance","assets":23,"mode":"paper","msg":"balance"}
{"level":30,"time":1778966298467,"pid":8776,"hostname":"DESKTOP-KPAMGTB","module":"binance","assets":4,"mode":"real","msg":"balance"}
{"level":30,"time":1778967169469,"pid":8776,"hostname":"DESKTOP-KPAMGTB","module":"binance","assets":23,"mode":"paper","msg":"balance"}
{"level":30,"time":1778967198526,"pid":8776,"hostname":"DESKTOP-KPAMGTB","module":"binance","assets":4,"mode":"real","msg":"balance"}
{"level":30,"time":1778968069401,"pid":8776,"hostname":"DESKTOP-KPAMGTB","module":"binance","assets":23,"mode":"paper","msg":"balance"}
{"level":30,"time":1778968098547,"pid":8776,"hostname":"DESKTOP-KPAMGTB","module":"binance","assets":4,"mode":"real","msg":"balance"}
{"level":30,"time":1778968969416,"pid":8776,"hostname":"DESKTOP-KPAMGTB","module":"binance","assets":23,"mode":"paper","msg":"balance"}
{"level":30,"time":1778968998555,"pid":8776,"hostname":"DESKTOP-KPAMGTB","module":"binance","assets":4,"mode":"real","msg":"balance"}
{"level":30,"time":1778969869652,"pid":8776,"hostname":"DESKTOP-KPAMGTB","module":"binance","assets":23,"mode":"paper","msg":"balance"}
{"level":30,"time":1778969898504,"pid":8776,"hostname":"DESKTOP-KPAMGTB","module":"binance","assets":4,"mode":"real","msg":"balance"}
{"level":30,"time":1778970769421,"pid":8776,"hostname":"DESKTOP-KPAMGTB","module":"binance","assets":23,"mode":"paper","msg":"balance"}
{"level":30,"time":1778970798492,"pid":8776,"hostname":"DESKTOP-KPAMGTB","module":"binance","assets":4,"mode":"real","msg":"balance"}
{"level":30,"time":1778971669454,"pid":8776,"hostname":"DESKTOP-KPAMGTB","module":"binance","assets":23,"mode":"paper","msg":"balance"}
{"level":30,"time":1778971698560,"pid":8776,"hostname":"DESKTOP-KPAMGTB","module":"binance","assets":4,"mode":"real","msg":"balance"}
{"level":30,"time":1778972569454,"pid":8776,"hostname":"DESKTOP-KPAMGTB","module":"binance","assets":23,"mode":"paper","msg":"balance"}
{"level":30,"time":1778972598618,"pid":8776,"hostname":"DESKTOP-KPAMGTB","module":"binance","assets":4,"mode":"real","msg":"balance"}
{"level":30,"time":1778973469420,"pid":8776,"hostname":"DESKTOP-KPAMGTB","module":"binance","assets":23,"mode":"paper","msg":"balance"}
{"level":30,"time":1778973498755,"pid":8776,"hostname":"DESKTOP-KPAMGTB","module":"binance","assets":4,"mode":"real","msg":"balance"}
{"level":30,"time":1778974369385,"pid":8776,"hostname":"DESKTOP-KPAMGTB","module":"binance","assets":23,"mode":"paper","msg":"balance"}
{"level":30,"time":1778974398718,"pid":8776,"hostname":"DESKTOP-KPAMGTB","module":"binance","assets":4,"mode":"real","msg":"balance"}
{"level":30,"time":1778975269478,"pid":8776,"hostname":"DESKTOP-KPAMGTB","module":"binance","assets":23,"mode":"paper","msg":"balance"}
{"level":30,"time":1778975298766,"pid":8776,"hostname":"DESKTOP-KPAMGTB","module":"binance","assets":4,"mode":"real","msg":"balance"}
{"level":30,"time":1778976169603,"pid":8776,"hostname":"DESKTOP-KPAMGTB","module":"binance","assets":23,"mode":"paper","msg":"balance"}
{"level":30,"time":1778976198707,"pid":8776,"hostname":"DESKTOP-KPAMGTB","module":"binance","assets":4,"mode":"real","msg":"balance"}
{"level":30,"time":1778977069428,"pid":8776,"hostname":"DESKTOP-KPAMGTB","module":"binance","assets":23,"mode":"paper","msg":"balance"}
{"level":30,"time":1778977098756,"pid":8776,"hostname":"DESKTOP-KPAMGTB","module":"binance","assets":4,"mode":"real","msg":"balance"}
{"level":30,"time":1778977969413,"pid":8776,"hostname":"DESKTOP-KPAMGTB","module":"binance","assets":23,"mode":"paper","msg":"balance"}
{"level":30,"time":1778977998851,"pid":8776,"hostname":"DESKTOP-KPAMGTB","module":"binance","assets":4,"mode":"real","msg":"balance"}
{"level":30,"time":1778978869372,"pid":8776,"hostname":"DESKTOP-KPAMGTB","module":"binance","assets":23,"mode":"paper","msg":"balance"}
{"level":30,"time":1778978899091,"pid":8776,"hostname":"DESKTOP-KPAMGTB","module":"binance","assets":4,"mode":"real","msg":"balance"}
{"level":30,"time":1778979769449,"pid":8776,"hostname":"DESKTOP-KPAMGTB","module":"binance","assets":23,"mode":"paper","msg":"balance"}
{"level":30,"time":1778979799213,"pid":8776,"hostname":"DESKTOP-KPAMGTB","module":"binance","assets":4,"mode":"real","msg":"balance"}
{"level":30,"time":1778980669409,"pid":8776,"hostname":"DESKTOP-KPAMGTB","module":"binance","assets":23,"mode":"paper","msg":"balance"}
{"level":30,"time":1778980699191,"pid":8776,"hostname":"DESKTOP-KPAMGTB","module":"binance","assets":4,"mode":"real","msg":"balance"}
{"level":30,"time":1778981569412,"pid":8776,"hostname":"DESKTOP-KPAMGTB","module":"binance","assets":23,"mode":"paper","msg":"balance"}
{"level":30,"time":1778981599119,"pid":8776,"hostname":"DESKTOP-KPAMGTB","module":"binance","assets":4,"mode":"real","msg":"balance"}
{"level":30,"time":1778982469408,"pid":8776,"hostname":"DESKTOP-KPAMGTB","module":"binance","assets":23,"mode":"paper","msg":"balance"}
{"level":30,"time":1778982499142,"pid":8776,"hostname":"DESKTOP-KPAMGTB","module":"binance","assets":4,"mode":"real","msg":"balance"}
{"level":30,"time":1778983369759,"pid":8776,"hostname":"DESKTOP-KPAMGTB","module":"binance","assets":23,"mode":"paper","msg":"balance"}
{"level":30,"time":1778983399607,"pid":8776,"hostname":"DESKTOP-KPAMGTB","module":"binance","assets":4,"mode":"real","msg":"balance"}
{"level":30,"time":1778984270283,"pid":8776,"hostname":"DESKTOP-KPAMGTB","module":"binance","assets":23,"mode":"paper","msg":"balance"}
{"level":30,"time":1778984300115,"pid":8776,"hostname":"DESKTOP-KPAMGTB","module":"binance","assets":4,"mode":"real","msg":"balance"}
{"level":30,"time":1778985169434,"pid":8776,"hostname":"DESKTOP-KPAMGTB","module":"binance","assets":23,"mode":"paper","msg":"balance"}
{"level":30,"time":1778985200128,"pid":8776,"hostname":"DESKTOP-KPAMGTB","module":"binance","assets":4,"mode":"real","msg":"balance"}
{"level":30,"time":1778986069389,"pid":8776,"hostname":"DESKTOP-KPAMGTB","module":"binance","assets":23,"mode":"paper","msg":"balance"}
{"level":30,"time":1778986100285,"pid":8776,"hostname":"DESKTOP-KPAMGTB","module":"binance","assets":4,"mode":"real","msg":"balance"}
{"level":30,"time":1778986969702,"pid":8776,"hostname":"DESKTOP-KPAMGTB","module":"binance","assets":23,"mode":"paper","msg":"balance"}
{"level":30,"time":1778987000357,"pid":8776,"hostname":"DESKTOP-KPAMGTB","module":"binance","assets":4,"mode":"real","msg":"balance"}
{"level":30,"time":1778987869761,"pid":8776,"hostname":"DESKTOP-KPAMGTB","module":"binance","assets":23,"mode":"paper","msg":"balance"}
{"level":30,"time":1778987900324,"pid":8776,"hostname":"DESKTOP-KPAMGTB","module":"binance","assets":4,"mode":"real","msg":"balance"}
{"level":30,"time":1778988769679,"pid":8776,"hostname":"DESKTOP-KPAMGTB","module":"binance","assets":23,"mode":"paper","msg":"balance"}
{"level":30,"time":1778988800357,"pid":8776,"hostname":"DESKTOP-KPAMGTB","module":"binance","assets":4,"mode":"real","msg":"balance"}
{"level":30,"time":1778989669538,"pid":8776,"hostname":"DESKTOP-KPAMGTB","module":"binance","assets":23,"mode":"paper","msg":"balance"}
{"level":30,"time":1778989700411,"pid":8776,"hostname":"DESKTOP-KPAMGTB","module":"binance","assets":4,"mode":"real","msg":"balance"}
{"level":30,"time":1778990569408,"pid":8776,"hostname":"DESKTOP-KPAMGTB","module":"binance","assets":23,"mode":"paper","msg":"balance"}
{"level":30,"time":1778990600460,"pid":8776,"hostname":"DESKTOP-KPAMGTB","module":"binance","assets":4,"mode":"real","msg":"balance"}
{"level":30,"time":1778991469399,"pid":8776,"hostname":"DESKTOP-KPAMGTB","module":"binance","assets":23,"mode":"paper","msg":"balance"}
{"level":30,"time":1778991500454,"pid":8776,"hostname":"DESKTOP-KPAMGTB","module":"binance","assets":4,"mode":"real","msg":"balance"}
{"level":30,"time":1778992369442,"pid":8776,"hostname":"DESKTOP-KPAMGTB","module":"binance","assets":23,"mode":"paper","msg":"balance"}
{"level":30,"time":1778992400445,"pid":8776,"hostname":"DESKTOP-KPAMGTB","module":"binance","assets":4,"mode":"real","msg":"balance"}
{"level":30,"time":1778993269597,"pid":8776,"hostname":"DESKTOP-KPAMGTB","module":"binance","assets":23,"mode":"paper","msg":"balance"}
{"level":30,"time":1778993300426,"pid":8776,"hostname":"DESKTOP-KPAMGTB","module":"binance","assets":4,"mode":"real","msg":"balance"}
{"level":30,"time":1778994169458,"pid":8776,"hostname":"DESKTOP-KPAMGTB","module":"binance","assets":23,"mode":"paper","msg":"balance"}
{"level":30,"time":1778994200466,"pid":8776,"hostname":"DESKTOP-KPAMGTB","module":"binance","assets":4,"mode":"real","msg":"balance"}
{"level":30,"time":1778995069458,"pid":8776,"hostname":"DESKTOP-KPAMGTB","module":"binance","assets":23,"mode":"paper","msg":"balance"}
{"level":30,"time":1778995101028,"pid":8776,"hostname":"DESKTOP-KPAMGTB","module":"binance","assets":4,"mode":"real","msg":"balance"}
{"level":30,"time":1778995969401,"pid":8776,"hostname":"DESKTOP-KPAMGTB","module":"binance","assets":23,"mode":"paper","msg":"balance"}
{"level":30,"time":1778996001097,"pid":8776,"hostname":"DESKTOP-KPAMGTB","module":"binance","assets":4,"mode":"real","msg":"balance"}
{"level":30,"time":1778996869367,"pid":8776,"hostname":"DESKTOP-KPAMGTB","module":"binance","assets":23,"mode":"paper","msg":"balance"}
{"level":30,"time":1778996901142,"pid":8776,"hostname":"DESKTOP-KPAMGTB","module":"binance","assets":4,"mode":"real","msg":"balance"}
{"level":30,"time":1778997769497,"pid":8776,"hostname":"DESKTOP-KPAMGTB","module":"binance","assets":23,"mode":"paper","msg":"balance"}
{"level":30,"time":1778997801134,"pid":8776,"hostname":"DESKTOP-KPAMGTB","module":"binance","assets":4,"mode":"real","msg":"balance"}
{"level":30,"time":1778998669464,"pid":8776,"hostname":"DESKTOP-KPAMGTB","module":"binance","assets":23,"mode":"paper","msg":"balance"}
{"level":30,"time":1778998701141,"pid":8776,"hostname":"DESKTOP-KPAMGTB","module":"binance","assets":4,"mode":"real","msg":"balance"}
{"level":30,"time":1778999569640,"pid":8776,"hostname":"DESKTOP-KPAMGTB","module":"binance","assets":23,"mode":"paper","msg":"balance"}
{"level":30,"time":1778999601119,"pid":8776,"hostname":"DESKTOP-KPAMGTB","module":"binance","assets":4,"mode":"real","msg":"balance"}
{"level":30,"time":1779000469425,"pid":8776,"hostname":"DESKTOP-KPAMGTB","module":"binance","assets":23,"mode":"paper","msg":"balance"}
{"level":30,"time":1779000501205,"pid":8776,"hostname":"DESKTOP-KPAMGTB","module":"binance","assets":4,"mode":"real","msg":"balance"}
{"level":30,"time":1779001369389,"pid":8776,"hostname":"DESKTOP-KPAMGTB","module":"binance","assets":23,"mode":"paper","msg":"balance"}
{"level":30,"time":1779001401280,"pid":8776,"hostname":"DESKTOP-KPAMGTB","module":"binance","assets":4,"mode":"real","msg":"balance"}
{"level":30,"time":1779002269419,"pid":8776,"hostname":"DESKTOP-KPAMGTB","module":"binance","assets":23,"mode":"paper","msg":"balance"}
{"level":30,"time":1779002301452,"pid":8776,"hostname":"DESKTOP-KPAMGTB","module":"binance","assets":4,"mode":"real","msg":"balance"}
{"level":30,"time":1779003169420,"pid":8776,"hostname":"DESKTOP-KPAMGTB","module":"binance","assets":23,"mode":"paper","msg":"balance"}
{"level":30,"time":1779003201291,"pid":8776,"hostname":"DESKTOP-KPAMGTB","module":"binance","assets":4,"mode":"real","msg":"balance"}
{"level":30,"time":1779004069557,"pid":8776,"hostname":"DESKTOP-KPAMGTB","module":"binance","assets":23,"mode":"paper","msg":"balance"}
{"level":30,"time":1779004101780,"pid":8776,"hostname":"DESKTOP-KPAMGTB","module":"binance","assets":4,"mode":"real","msg":"balance"}
{"level":30,"time":1779004969691,"pid":8776,"hostname":"DESKTOP-KPAMGTB","module":"binance","assets":23,"mode":"paper","msg":"balance"}
{"level":30,"time":1779005001618,"pid":8776,"hostname":"DESKTOP-KPAMGTB","module":"binance","assets":4,"mode":"real","msg":"balance"}
{"level":30,"time":1779005869421,"pid":8776,"hostname":"DESKTOP-KPAMGTB","module":"binance","assets":23,"mode":"paper","msg":"balance"}
{"level":30,"time":1779005901716,"pid":8776,"hostname":"DESKTOP-KPAMGTB","module":"binance","assets":4,"mode":"real","msg":"balance"}
{"level":30,"time":1779006769440,"pid":8776,"hostname":"DESKTOP-KPAMGTB","module":"binance","assets":23,"mode":"paper","msg":"balance"}
{"level":30,"time":1779006801850,"pid":8776,"hostname":"DESKTOP-KPAMGTB","module":"binance","assets":4,"mode":"real","msg":"balance"}
{"level":30,"time":1779007669369,"pid":8776,"hostname":"DESKTOP-KPAMGTB","module":"binance","assets":23,"mode":"paper","msg":"balance"}
{"level":30,"time":1779007701962,"pid":8776,"hostname":"DESKTOP-KPAMGTB","module":"binance","assets":4,"mode":"real","msg":"balance"}
{"level":30,"time":1779007843945,"pid":8776,"hostname":"DESKTOP-KPAMGTB","module":"binance","assets":23,"mode":"paper","msg":"balance"}
{"level":30,"time":1779007844110,"pid":8776,"hostname":"DESKTOP-KPAMGTB","module":"binance","symbol":"BTCUSDC","interval":"1h","verdict":"WAIT","score":44,"price":78062.59,"msg":"scanner"}
{"level":30,"time":1779007844226,"pid":8776,"hostname":"DESKTOP-KPAMGTB","module":"binance","assets":23,"mode":"paper","msg":"balance"}
{"level":30,"time":1779008569714,"pid":8776,"hostname":"DESKTOP-KPAMGTB","module":"binance","assets":23,"mode":"paper","msg":"balance"}
{"level":30,"time":1779008601903,"pid":8776,"hostname":"DESKTOP-KPAMGTB","module":"binance","assets":4,"mode":"real","msg":"balance"}
{"level":30,"time":1779009469371,"pid":8776,"hostname":"DESKTOP-KPAMGTB","module":"binance","assets":23,"mode":"paper","msg":"balance"}
{"level":30,"time":1779009502493,"pid":8776,"hostname":"DESKTOP-KPAMGTB","module":"binance","assets":4,"mode":"real","msg":"balance"}
{"level":30,"time":1779010369409,"pid":8776,"hostname":"DESKTOP-KPAMGTB","module":"binance","assets":23,"mode":"paper","msg":"balance"}
{"level":30,"time":1779010402930,"pid":8776,"hostname":"DESKTOP-KPAMGTB","module":"binance","assets":4,"mode":"real","msg":"balance"}
{"level":30,"time":1779011269487,"pid":8776,"hostname":"DESKTOP-KPAMGTB","module":"binance","assets":23,"mode":"paper","msg":"balance"}
{"level":30,"time":1779011302940,"pid":8776,"hostname":"DESKTOP-KPAMGTB","module":"binance","assets":4,"mode":"real","msg":"balance"}
{"level":30,"time":1779012169524,"pid":8776,"hostname":"DESKTOP-KPAMGTB","module":"binance","assets":23,"mode":"paper","msg":"balance"}
{"level":30,"time":1779012203051,"pid":8776,"hostname":"DESKTOP-KPAMGTB","module":"binance","assets":4,"mode":"real","msg":"balance"}
{"level":30,"time":1779013069450,"pid":8776,"hostname":"DESKTOP-KPAMGTB","module":"binance","assets":23,"mode":"paper","msg":"balance"}
{"level":30,"time":1779013103019,"pid":8776,"hostname":"DESKTOP-KPAMGTB","module":"binance","assets":4,"mode":"real","msg":"balance"}
{"level":30,"time":1779013969508,"pid":8776,"hostname":"DESKTOP-KPAMGTB","module":"binance","assets":23,"mode":"paper","msg":"balance"}
{"level":30,"time":1779014002999,"pid":8776,"hostname":"DESKTOP-KPAMGTB","module":"binance","assets":4,"mode":"real","msg":"balance"}
{"level":30,"time":1779014869850,"pid":8776,"hostname":"DESKTOP-KPAMGTB","module":"binance","assets":23,"mode":"paper","msg":"balance"}
{"level":30,"time":1779014902964,"pid":8776,"hostname":"DESKTOP-KPAMGTB","module":"binance","assets":4,"mode":"real","msg":"balance"}
{"level":30,"time":1779015769405,"pid":8776,"hostname":"DESKTOP-KPAMGTB","module":"binance","assets":23,"mode":"paper","msg":"balance"}
{"level":30,"time":1779015802997,"pid":8776,"hostname":"DESKTOP-KPAMGTB","module":"binance","assets":4,"mode":"real","msg":"balance"}
